../Core/Src/main.c:100:1:__io_putchar	16	static
../Core/Src/main.c:119:5:main	32	static
../Core/Src/main.c:193:6:SystemClock_Config	88	static
../Core/Src/main.c:241:13:MX_ADC1_Init	24	static
../Core/Src/main.c:303:13:MX_RTC_Init	32	static
../Core/Src/main.c:362:13:MX_TIM2_Init	64	static
../Core/Src/main.c:423:13:MX_USART2_UART_Init	8	static
../Core/Src/main.c:456:13:MX_GPIO_Init	48	static
../Core/Src/main.c:508:6:SysTick_CallBack	8	static
../Core/Src/main.c:515:6:get_time	40	static
../Core/Src/main.c:534:6:Error_Handler	4	static
