../Core/Src/main.c:104:1:__io_putchar	2
../Core/Src/main.c:122:5:main	6
../Core/Src/main.c:208:6:SystemClock_Config	3
../Core/Src/main.c:255:13:MX_I2C1_Init	2
../Core/Src/main.c:289:13:MX_TIM2_Init	6
../Core/Src/main.c:348:13:MX_TIM11_Init	2
../Core/Src/main.c:379:13:MX_USART2_UART_Init	2
../Core/Src/main.c:412:13:MX_GPIO_Init	1
../Core/Src/main.c:446:6:HAL_TIM_PeriodElapsedCallback	1
../Core/Src/main.c:453:7:GetTempLM75	3
../Core/Src/main.c:472:6:adjust_PWM_dutyCycle	6
../Core/Src/main.c:497:6:Error_Handler	1
