../Core/Src/main.c:106:1:__io_putchar	16	static
../Core/Src/main.c:124:5:main	24	static
../Core/Src/main.c:244:6:SystemClock_Config	88	static
../Core/Src/main.c:291:13:MX_ADC1_Init	24	static
../Core/Src/main.c:361:13:MX_I2C1_Init	8	static
../Core/Src/main.c:395:13:MX_TIM2_Init	64	static
../Core/Src/main.c:454:13:MX_USART2_UART_Init	8	static
../Core/Src/main.c:487:13:MX_GPIO_Init	48	static
../Core/Src/main.c:521:7:GetTempLM75	48	static
../Core/Src/main.c:543:6:HAL_ADC_ConvCpltCallback	16	static
../Core/Src/main.c:557:6:Error_Handler	4	static,ignoring_inline_asm
